<html>
<body>
<pre>
<h1>µVision Build Log</h1>
<h2>Tool Versions:</h2>
IDE-Version: ¦ÌVision V5.14.0.0
Copyright (C) 2015 ARM Ltd and ARM Germany GmbH. All rights reserved.
License Information: Lance Lee, WIZnet, LIC=CRMNN-YU4CB-8XGUZ-JP1W0-8MH3A-F79D2
 
Tool Versions:
Toolchain:       MDK-ARM Professional  Version: 5.14.0.0
Toolchain Path:  D:\Keil_v5\ARM\ARMCC\Bin
C Compiler:      Armcc.exe V5.05 update 1 (build 106)
Assembler:       Armasm.exe V5.05 update 1 (build 106)
Linker/Locator:  ArmLink.exe V5.05 update 1 (build 106)
Library Manager: ArmAr.exe V5.05 update 1 (build 106)
Hex Converter:   FromElf.exe V5.05 update 1 (build 106)
CPU DLL:         SARMCM3.DLL V5.14.0.0
Dialog DLL:      DCM.DLL V1.13.1.0
Target DLL:      Segger\JL2CM3.dll V2.99.13.0
Dialog DLL:      TCM.DLL V1.14.4.0
 
<h2>Project:</h2>
F:\STM32-program\W5500_Program_New\9.W5500EVB_NTP\9.W5500EVB_NTP\MDK5\W5500EVB_NTP.uvprojx
Project File Date:  11/25/2020

<h2>Output:</h2>
Build target 'W5500EVB'
compiling main.c...
compiling device.c...
linking...
Program Size: Code=10320 RO-data=336 RW-data=76 ZI-data=4756  
FromELF: creating hex file...
After Build - User command #1: fromelf.exe ..\Output\W5500EVB_NTP.axf --vhx --8x1 --output *.hex;fromelf --bin -o "..\Output\W5500EVB_NTP.bin" "..\Output\W5500EVB_NTP.axf"
"..\Output\W5500EVB_NTP.axf" - 0 Error(s), 0 Warning(s).

<h2>Collection of Component include folders:</h2>
  F:\STM32-program\W5500_Program_New\9.W5500EVB_NTP\9.W5500EVB_NTP\MDK5\RTE
  D:\Keil_v5\ARM\PACK\Keil\STM32F1xx_DFP\2.3.0

<h2>Collection of Component Files used:</h2>
</pre>
</body>
</html>
